Script started on Tue 28 Feb 2012 06:29:48 PM EST
nuskos@bravo:~/141/Labs$ car [K[Kt labtest2.c
/*
	Name: Stephen Nusko
	ID: 103693282
	Date: 28/02/2012
	Lab exam 2
	Purpose:
*/

#include <stdlib.h> 
#include <stdio.h>
#define ROWS 5
#define COLS 10
#define TRAPS 3

void InitializeMaze(char data[][COLS]);			// InitializeMaze randomally fills the inputted array with 6 possible choices of D, U, R, L, G, and T (up to a max of three Ts).
int DoTrace(char data[][COLS], int x, int y);		// DoTrace follows the maze direction until its conclusion in either gold, traps, stuck after 10, or outside of the maze.
void PrintResults(char data[][COLS], int moves);	// PrintResults will take the array, and print the contents, and the result of the player's choice.

void main()
{
	char A[ROWS][COLS];				// The two-diminsional array to store the shape of the maze.
	int startX, startY;				// The starting x and y coordinates.
	int num_moves = 0;				// The total number of moves it took.

	// Get the starting location, fill the array, trace the steps, print the results.
	scanf("%d%d", &startX, &startY);
	InitializeMaze(A);
	num_moves = DoTrace(A, startX, startY);
	PrintResults(A, num_moves);
}

/*
	Definition:
		InitializeMaze randomally fills the inputted array with 6 possible choices of D, U, R, L, G, and T (up to a max of three Ts).
	Input:
		A two diminsional array.
	Output:
		The array will be filled with random selection of charactors from D, U, R, L, G and possiblely up to three Ts.
*/
void InitializeMaze(char data[][COLS])
{
	// Two counter variables, a random value to access the possible array, and the total amount of traps already in the array.
	int i, j, value, totalTraps = 0;
	char possible[6] = {'D', 'U', 'R', 'L', 'G', 'T' };	// The possible choices to fill the maze with.
	
	srand ( time(NULL) );
	// While there are more entries to visit continue.
	for (i = 0; i < ROWS; i++)
	{
		for (j = 0; j < COLS; j++)
		{
			value = rand() % 6;
			// If the random value is equal to T increase the amount of traps in the maze.
			if (possible[value] == 'T')
			{
				totalTraps++;
				// If the totalTraps is greater then the allowed number, continue getting a new value until it is no longer T.
				if (totalTraps > TRAPS)
				{
					while (possible[value] == 'T')
					{
						value = rand() % 6;
					}
				}
			}
			data[i][j] = possible[value];
		}
	}
}

/*
	Definition:
		DoTrace follows the maze direction until its conclusion in either gold, traps, stuck after 10, or outside of the maze.
	Input:
		A two diminsional array, and the starting x and y coordinates.
	Output:
		Will return based on moves,
			a) The total number of moves it took to get to the gold.
			b) The negative value of the number of moves it took to get to a trap.
			c) 0 if the player is still stuck after 10 moves.
			d) 15 if the player exited the maze.
*/
int DoTrace(char data[][COLS], int x, int y)
{
	int totalMoves = 0;				// The total number of moves made.
	// While the totalMoves is less then 10 continue.
	while (totalMoves <= 10)
	{	
		// If the current x and y is inside the array follow the directions.
		if (x > 0 && x < ROWS && y > 0 && y < COLS)
		{
			switch (data[x][y])
			{
			case 'D':
			{
				totalMoves++;
				y++;
				break;
			}
			case 'U':
			{
				totalMoves++;
				x--;			
				break;
			}
			case 'R':
			{
				totalMoves++;
				y++;
				break;			
			}
			case 'L':
			{
				totalMoves++;
				y--;
				break;			
			}
			case 'G':
			{
				return totalMoves;
			}
			case 'T':
			{
				return totalMoves * -1;
			}
			}
		}
		// Otherwise return 15 to show outside of the array.
		else 
		{
			return 15;
		}
	}
	// If the while loop failed reset totalMoves to zero to show the player is stuck.
	totalMoves = 0;
	return totalMoves;
}

/*
	Definition:
		PrintResults will take the array, and print the contents, and the result of the player's choice.
	Input:
		A two diminsional array, and the result of the moves from the starting location.
	Output:
		The contents of the array will be printed to the screen and depending on the value of moves, the outcome of the player's choice will be displayed.
*/
void PrintResults(char data[][COLS], int moves)
{
	int i, j;			// counter variables.
	// While there are more entries to print continue.
	for (i = 0; i < ROWS; i++)
	{
		for (j = 0; j < COLS; j++)
		{
			printf("%c", data[i][j]);
		}
		printf("\n");
	}
	// Check the result stored in moves, and print the correct response.
	if (moves < 0)
	{
		printf("Trap found in %d moves\n", moves*-1);
	}
	else if (moves == 0)
	{
		printf("Still stuck after 10 moves\n");
	}
	else if (moves == 15)
	{
		printf("We exited the maze\n");
	}
	else
	{
		printf("Gold found in %d moves\n", moves);
	}
}
nuskos@bravo:~/141/Labs$ cc labtest2.c
nuskos@bravo:~/141/Labs$ ls -1[Kl
total 83
-rwxr-xr-x 1 nuskos temp  7498 2012-02-28 18:30 [0m[01;32ma.out[0m
-rw-r--r-- 1 nuskos temp   978 2012-02-07 16:05 excercise4a.c
-rw-r--r-- 1 nuskos temp  6420 2012-02-07 17:28 excercise4b.c
-rw-r--r-- 1 nuskos temp   139 2012-01-30 23:09 input2.txt
-rw-r--r-- 1 nuskos temp     4 2012-02-28 18:02 inputTest.txt
-rw-r--r-- 1 nuskos temp   141 2012-01-30 23:11 input.txt
-rw-r--r-- 1 nuskos temp  1382 2012-01-10 17:59 lab1
-rw-r--r-- 1 nuskos temp 14971 2012-01-17 17:30 lab1.c
-rw------- 1 nuskos temp  8170 2012-01-11 14:13 lab1.c.save
-rw-r--r-- 1 nuskos temp  8170 2012-01-11 14:13 lab1.c.save.1
-rw-r--r-- 1 nuskos temp  8166 2012-01-31 00:17 lab2.c
-rw-r--r-- 1 nuskos temp  8530 2012-02-14 17:45 lab4.c
-rw-r--r-- 1 nuskos temp  1215 2012-02-14 18:10 lab6.c
-rw-r--r-- 1 nuskos temp  4612 2012-02-28 18:28 labtest2.c
-rw-r--r-- 1 nuskos temp     0 2012-02-28 18:29 labtest_2c.txt
-rw-r--r-- 1 nuskos temp  3178 2012-01-26 16:15 labtest.c
-rw-r--r-- 1 nuskos temp  3948 2012-01-24 18:11 labtest_c.txt
nuskos@bravo:~/141/Labs$ ./a.pit[K[K[Kout
2 8
GRTLLRUTRG
RLLTULRLDL
RDGGLLGRRG
DRLULLLRRU
UUDDDLLUGR
Gold found in 1 moves
nuskos@bravo:~/141/Labs$ ./a.out
2 8
GDTDRLUDLD
LGLGULRRUR
RTLLGGRDUG
GTRUGUDLRR
GDDGRGDGGR
We exited the maze
nuskos@bravo:~/141/Labs$ ./a.out
2 8
TGGGULGDUL
GTUUGUGUTD
GLLUDDRLLU
DGGGRLDUDR
DGGLRRULGG
Still stuck after 10 moves
nuskos@bravo:~/141/Labs$ exit
exit

Script done on Tue 28 Feb 2012 06:30:55 PM EST
